// Jest Snapshot v1, https://goo.gl/fbAQLP

exports[`derives state from props 1`] = `
[MockFunction] {
  "calls": Array [
    Array [
      Object {
        "setState": [Function],
        "state": Object {
          "done": true,
        },
      },
    ],
  ],
}
`;

exports[`has initial state 1`] = `
[MockFunction] {
  "calls": Array [
    Array [
      Object {
        "setState": [Function],
        "state": Object {
          "done": true,
        },
      },
    ],
  ],
}
`;
